// Jest Snapshot v1, https://goo.gl/fbAQLP

exports[`Order view tests Snapshot matches 1`] = `ShallowWrapper {}`;
